
> cerebrum-web@0.1.0 build
> next build

Ôû▓ Next.js 16.1.4 (Turbopack)
- Environments: .env.local

node.exe : ÔÜá The "middleware" file convention is deprecated. 
Please use "proxy" instead. Learn more: 
https://nextjs.org/docs/messages/middleware-to-proxy
Au caractère Ligne:1 : 1
+ & "C:\Program Files\nodejs/node.exe" "C:\Program 
Files\nodejs/node_mo ...
+ ~~~~~~~~~~~~~~~~~~~~~~~~~~~~~~~~~~~~~~~~~~~~~~~~~~~~~~~~~~~~~~~~~
~~~~
    + CategoryInfo          : NotSpecified: (ÔÜá The "middle...lew 
   are-to-proxy:String) [], RemoteException
    + FullyQualifiedErrorId : NativeCommandError
 
  Creating an optimized production build ...

> Build error occurred
Error: Turbopack build failed with 1 errors:
./app/api/stripe/sync/route.js:2:1
Module not found: Can't resolve '@/auth'
[0m [90m 1 |[39m [36mimport[39m { stripe } [36mfrom[39m 
[32m"@/lib/stripe"[39m[33m;[39m
[31m[1m>[22m[39m[90m 2 |[39m [36mimport[39m { auth } 
[36mfrom[39m [32m"@/auth"[39m[33m;[39m
 [90m   |[39m [31m[1m^[22m[39m[31m[1m^[22m[39m[31m[1m^
[22m[39m[31m[1m^[22m[39m[31m[1m^[22m[39m[31m[1m^[22m[3
9m[31m[1m^[22m[39m[31m[1m^[22m[39m[31m[1m^[22m[39m[31m
[1m^[22m[39m[31m[1m^[22m[39m[31m[1m^[22m[39m[31m[1m^[
22m[39m[31m[1m^[22m[39m[31m[1m^[22m[39m[31m[1m^[22m[39
m[31m[1m^[22m[39m[31m[1m^[22m[39m[31m[1m^[22m[39m[31m
[1m^[22m[39m[31m[1m^[22m[39m[31m[1m^[22m[39m[31m[1m^[2
2m[39m[31m[1m^[22m[39m[31m[1m^[22m[39m[31m[1m^[22m[39m
[31m[1m^[22m[39m[31m[1m^[22m[39m[31m[1m^[22m[39m[31m[
1m^[22m[39m
 [90m 3 |[39m [36mimport[39m { db } [36mfrom[39m 
[32m"@/lib/db"[39m[33m;[39m
 [90m 4 |[39m [36mimport[39m { users } [36mfrom[39m 
[32m"@/lib/schema"[39m[33m;[39m
 [90m 5 |[39m [36mimport[39m { eq } [36mfrom[39m 
[32m"drizzle-orm"[39m[33m;[39m[0m

Import map: aliased to relative './auth' inside of [project]/


https://nextjs.org/docs/messages/module-not-found


    at <unknown> (./app/api/stripe/sync/route.js:2:1)
    at <unknown> 
(https://nextjs.org/docs/messages/module-not-found)
